Microchip MPLAB XC8 Compiler V2.20

Linker command line:

-W-3 --edf=C:\Program Files\Microchip\xc8\v2.20\pic\dat\en_msgs.txt -cn \
  -h+dist/default/production\swtif.X.production.sym \
  --cmf=dist/default/production\swtif.X.production.cmf -z -Q16F877A \
  -oC:\Users\peter\AppData\Local\Temp\s4v04.2 --defsym=__MPLAB_BUILD=1 \
  -Mdist/default/production/swtif.X.production.map -E1 -ver=XC8 Compiler \
  --acfsm=1493 -ASTACK=0110h-016Fh -pstack=STACK -ACODE=00h-07FFhx4 \
  -ASTRCODE=00h-01FFFh -ASTRING=00h-0FFhx32 -ACONST=00h-0FFhx32 \
  -AENTRY=00h-0FFhx32 -ACOMMON=070h-07Fh -ABANK0=020h-06Fh \
  -ABANK1=0A0h-0EFh -ABANK2=0110h-016Fh -ABANK3=0190h-01EFh \
  -ARAM=020h-06Fh,0A0h-0EFh,0110h-016Fh,0190h-01EFh \
  -AABS1=020h-07Fh,0A0h-0EFh,0110h-016Fh,0190h-01EFh -ASFR0=00h-01Fh \
  -ASFR1=080h-09Fh -ASFR2=0100h-010Fh -ASFR3=0180h-018Fh \
  -ACONFIG=02007h-02007h -DCONFIG=2 -AIDLOC=02000h-02003h -DIDLOC=2 \
  -preset_vec=00h,intentry=04h,init,end_init -ppowerup=CODE -pcinit=CODE \
  -pfunctab=ENTRY -AEEDATA=00h-0FFh/02100h -peeprom_data=EEDATA -DEEDATA=2 \
  -DCODE=2 -DSTRCODE=2 -DSTRING=2 -DCONST=2 -DENTRY=2 -k \
  C:\Users\peter\AppData\Local\Temp\s4v04.o \
  dist/default/production\swtif.X.production.o 

Object code version is 3.11

Machine type is 16F877A



                Name                               Link     Load   Length Selector   Space Scale
C:\Users\peter\AppData\Local\Temp\s4v04.o
                end_init                             12       12        3        8       0
                reset_vec                             0        0        3        0       0
                config                             2007     2007        1        0       4
dist/default/production\swtif.X.production.o
                cinit                                15       15       20        8       0
                intentry                              4        4        E        8       0
                config                             2007     2007        1        0       4
                text38                              DB1      DB1       27     1B62       0
                text37                               35       35      361        8       0
                text36                              F84      F84       7C     1F08       0
                text35                              6D4      6D4       BA        8       0
                text34                              78E      78E       59        8       0
                text33                              E61      E61       44     1CC2       0
                text32                              EA5      EA5       44     1D4A       0
                text31                              C66      C66        D     18CC       0
                text30                              C17      C17        9     182E       0
                text29                              C20      C20        9     1840       0
                text28                              CC9      CC9       10     1992       0
                text27                              D31      D31       1E     1A62       0
                text26                              D00      D00       15     1A00       0
                text25                              5FC      5FC       D8        8       0
                text24                              C9C      C9C        F     1938       0
                text23                              C73      C73        D     18E6       0
                text22                              C44      C44        A     1888       0
                text21                              C80      C80        E     1900       0
                text20                              C29      C29        9     1852       0
                text19                              C32      C32        9     1864       0
                text18                              C3B      C3B        9     1876       0
                text17                              CEC      CEC       14     19D8       0
                text16                              E28      E28       39     1C50       0
                text15                              D8D      D8D       24     1B1A       0
                text14                              C4E      C4E        C     189C       0
                text13                              C07      C07        8     180E       0
                text12                              D4F      D4F       1F     1A9E       0
                text11                              F2F      F2F       55     1E5E       0
                text10                              D15      D15       1C     1A2A       0
                text9                               D6E      D6E       1F     1ADC       0
                text8                               DFF      DFF       29     1BFE       0
                text7                               C00      C00        7     1800       0
                text6                               CAB      CAB        F     1956       0
                text5                               CBA      CBA        F     1974       0
                text4                               C5A      C5A        C     18B4       0
                text3                               7E7      7E7       17        8       0
                text2                               EE9      EE9       46     1DD2       0
                text1                               DD8      DD8       27     1BB0       0
                maintext                            396      396      266        8       0
                cstackBANK0                          20       20       2C       20       1
                cstackCOMMON                         70       70        E       70       1
                cstackBANK1                          A0       A0       11       A0       1
                clrtext                             C0F      C0F        8     181E       0
                inittext                            CD9      CD9       13     19B2       0
                dataBANK1                            B1       B1        E       A0       1
                bssBANK1                             BF       BF        4       A0       1
                bssBANK0                             4C       4C       1C       20       1
                strings                             800      800       24     1000       0
                idataBANK1                          C8E      C8E        E     191C       0

TOTAL           Name                               Link     Load   Length     Space
        CLASS   STACK          

        CLASS   CODE           
                end_init                             12       12        3         0
                cinit                                15       15       20         0
                intentry                              4        4        E         0
                reset_vec                             0        0        3         0
                text38                              DB1      DB1       27         0
                text37                               35       35      361         0
                text36                              F84      F84       7C         0
                text35                              6D4      6D4       BA         0
                text34                              78E      78E       59         0
                text33                              E61      E61       44         0
                text32                              EA5      EA5       44         0
                text31                              C66      C66        D         0
                text30                              C17      C17        9         0
                text29                              C20      C20        9         0
                text28                              CC9      CC9       10         0
                text27                              D31      D31       1E         0
                text26                              D00      D00       15         0
                text25                              5FC      5FC       D8         0
                text24                              C9C      C9C        F         0
                text23                              C73      C73        D         0
                text22                              C44      C44        A         0
                text21                              C80      C80        E         0
                text20                              C29      C29        9         0
                text19                              C32      C32        9         0
                text18                              C3B      C3B        9         0
                text17                              CEC      CEC       14         0
                text16                              E28      E28       39         0
                text15                              D8D      D8D       24         0
                text14                              C4E      C4E        C         0
                text13                              C07      C07        8         0
                text12                              D4F      D4F       1F         0
                text11                              F2F      F2F       55         0
                text10                              D15      D15       1C         0
                text9                               D6E      D6E       1F         0
                text8                               DFF      DFF       29         0
                text7                               C00      C00        7         0
                text6                               CAB      CAB        F         0
                text5                               CBA      CBA        F         0
                text4                               C5A      C5A        C         0
                text3                               7E7      7E7       17         0
                text2                               EE9      EE9       46         0
                text1                               DD8      DD8       27         0
                maintext                            396      396      266         0
                clrtext                             C0F      C0F        8         0
                inittext                            CD9      CD9       13         0
                idataBANK1                          C8E      C8E        E         0

        CLASS   STRCODE        

        CLASS   STRING         
                strings                             800      800       24         0

        CLASS   CONST          

        CLASS   ENTRY          

        CLASS   COMMON         
                cstackCOMMON                         70       70        E         1

        CLASS   BANK0          
                cstackBANK0                          20       20       2C         1
                bssBANK0                             4C       4C       1C         1

        CLASS   BANK1          
                cstackBANK1                          A0       A0       11         1
                dataBANK1                            B1       B1        E         1
                bssBANK1                             BF       BF        4         1

        CLASS   BANK2          

        CLASS   BANK3          

        CLASS   RAM            

        CLASS   ABS1           
                abs_s1                               7E       7E        2         1

        CLASS   SFR0           

        CLASS   SFR1           

        CLASS   SFR2           

        CLASS   SFR3           

        CLASS   CONFIG         
                config                             2007     2007        1         4

        CLASS   IDLOC          

        CLASS   EEDATA         



SEGMENTS        Name                           Load    Length   Top    Selector   Space  Class     Delta

                reset_vec                      000000  000003  000003         0       0  CODE        2
                intentry                       000004  0007FA  0007FE         8       0  CODE        2
                cstackBANK0                    000020  000048  000068        20       1  BANK0       1
                cstackCOMMON                   000070  00000E  00007E        70       1  COMMON      1
                cstackBANK1                    0000A0  000023  0000C3        A0       1  BANK1       1
                strings                        000800  000024  000824      1000       0  STRING      2
                text7                          000C00  000007  000C07      1800       0  CODE        2
                text13                         000C07  000008  000C0F      180E       0  CODE        2
                clrtext                        000C0F  000008  000C17      181E       0  CODE        2
                text30                         000C17  000009  000C20      182E       0  CODE        2
                text29                         000C20  000009  000C29      1840       0  CODE        2
                text20                         000C29  000009  000C32      1852       0  CODE        2
                text19                         000C32  000009  000C3B      1864       0  CODE        2
                text18                         000C3B  000009  000C44      1876       0  CODE        2
                text22                         000C44  00000A  000C4E      1888       0  CODE        2
                text14                         000C4E  00000C  000C5A      189C       0  CODE        2
                text4                          000C5A  00000C  000C66      18B4       0  CODE        2
                text31                         000C66  00000D  000C73      18CC       0  CODE        2
                text23                         000C73  00000D  000C80      18E6       0  CODE        2
                text21                         000C80  00000E  000C8E      1900       0  CODE        2
                idataBANK1                     000C8E  00000E  000C9C      191C       0  CODE        2
                text24                         000C9C  00000F  000CAB      1938       0  CODE        2
                text6                          000CAB  00000F  000CBA      1956       0  CODE        2
                text5                          000CBA  00000F  000CC9      1974       0  CODE        2
                text28                         000CC9  000010  000CD9      1992       0  CODE        2
                inittext                       000CD9  000013  000CEC      19B2       0  CODE        2
                text17                         000CEC  000014  000D00      19D8       0  CODE        2
                text26                         000D00  000015  000D15      1A00       0  CODE        2
                text10                         000D15  00001C  000D31      1A2A       0  CODE        2
                text27                         000D31  00001E  000D4F      1A62       0  CODE        2
                text12                         000D4F  00001F  000D6E      1A9E       0  CODE        2
                text9                          000D6E  00001F  000D8D      1ADC       0  CODE        2
                text15                         000D8D  000024  000DB1      1B1A       0  CODE        2
                text38                         000DB1  000027  000DD8      1B62       0  CODE        2
                text1                          000DD8  000027  000DFF      1BB0       0  CODE        2
                text8                          000DFF  000029  000E28      1BFE       0  CODE        2
                text16                         000E28  000039  000E61      1C50       0  CODE        2
                text33                         000E61  000044  000EA5      1CC2       0  CODE        2
                text32                         000EA5  000044  000EE9      1D4A       0  CODE        2
                text2                          000EE9  000046  000F2F      1DD2       0  CODE        2
                text11                         000F2F  000055  000F84      1E5E       0  CODE        2
                text36                         000F84  00007C  001000      1F08       0  CODE        2


UNUSED ADDRESS RANGES

        Name                Unused          Largest block    Delta
        BANK0            0068-006F              8           1
        BANK1            00C3-00EF             2D           1
        BANK2            0110-016F             60           1
        BANK3            0190-01EF             60           1
        CODE             0003-0003              1           2
                         07FE-07FF              2
                         0824-0BFF            3DC
                         1000-1FFF            800
        CONST            0003-0003              1           2
                         07FE-07FF              2
                         0824-0BFF            100
                         1000-1FFF            100
        EEDATA           2100-21FF            100           2
        ENTRY            0003-0003              1           2
                         07FE-07FF              2
                         0824-0BFF            100
                         1000-1FFF            100
        IDLOC            2000-2003              4           2
        RAM              0068-006F              8           1
                         00C3-00EF             2D
                         0110-016F             60
                         0190-01EF             60
        SFR0             0000-001F             20           1
        SFR1             0080-009F             20           1
        SFR2             0100-010F             10           1
        SFR3             0180-018F             10           1
        STACK            0110-016F             60           1
        STRCODE          0003-0003              1           2
                         07FE-07FF              2
                         0824-0BFF            3DC
                         1000-1FFF           1000
        STRING           0003-0003              1           2
                         07FE-07FF              2
                         0824-0BFF            100
                         1000-1FFF            100

                                  Symbol Table

?_ADC_Read                  cstackBANK0  003F
?__Umul8_16                 cstackCOMMON 0070
?___flmul                   cstackBANK0  0020
?___fltol                   cstackBANK0  0035
?___lwdiv                   cstackBANK1  00A0
?___wmul                    cstackBANK1  00A7
?___xxtofl                  cstackCOMMON 0070
?i1___lwdiv                 cstackCOMMON 0070
ADC_Read@reading            cstackBANK0  0043
EEPROM_Read@address         cstackBANK1  00A1
EEPROM_Read@data            cstackBANK1  00A2
EEPROM_Write@address        cstackBANK1  00AB
EEPROM_Write@data           cstackBANK1  00AA
I2C_Write@Data              cstackBANK1  00A0
LCD_CMD@CMD                 cstackBANK1  00A3
LCD_SEND@data               cstackBANK1  00A0
LCD_SendCommand@Inst        cstackBANK1  00A2
LCD_Write_String@i          cstackBANK1  00A4
LCD_Write_String@str        cstackBANK1  00A6
LCD_Write_uint8_t@Data      cstackBANK1  00A3
SEG_Write1@number           cstackBANK1  00AD
SEG_Write@number            cstackBANK1  00A7
_ACKDT                      (abs)        048D
_ACKEN                      (abs)        048C
_ACKSTAT                    (abs)        048E
_ADCON0                     (abs)        001F
_ADCON0bits                 (abs)        001F
_ADCON1                     (abs)        009F
_ADC_Init                   text24       0C9C
_ADC_READINGS               bssBANK0     004C
_ADC_Read                   text34       078E
_ADC_TEMP                   bssBANK1     00C1
_ADC_counter                bssBANK0     0066
_ADRESH                     (abs)        001E
_ADRESL                     (abs)        009E
_DESIRED_TEMP               dataBANK1    00BD
_EEPROM_Read                text16       0E28
_EEPROM_Write               text15       0D8D
_GIE                        (abs)        005F
_GO_DONE                    (abs)        00FA
_I2C_INIT_MASTER            text14       0C4E
_I2C_Nack                   text22       0C44
_I2C_Read_Byte              text21       0C80
_I2C_Res                    text20       0C29
_I2C_Start                  text19       0C32
_I2C_Stop                   text18       0C3B
_I2C_Wait                   text23       0C73
_I2C_Write                  text17       0CEC
_INTE                       (abs)        005C
_INTEDG                     (abs)        040E
_INTF                       (abs)        0059
_ISR                        text25       05FC
_LCD_CMD                    text12       0D4F
_LCD_Init                   text11       0F2F
_LCD_SEND                   text13       0C07
_LCD_SendCommand            text10       0D15
_LCD_Write_String           text8        0DFF
_LCD_Write_uint8_t          text9        0D6E
_LED_COUNTER                bssBANK0     0060
_MODE                       dataBANK1    00BB
_MODE_COUNTER               bssBANK0     0064
_PEIE                       (abs)        005E
_PEN                        (abs)        048A
_PORTD                      (abs)        0008
_RA3                        (abs)        002B
_RA4                        (abs)        002C
_RB1                        (abs)        0031
_RB2                        (abs)        0032
_RB7                        (abs)        0037
_RC2                        (abs)        003A
_RC5                        (abs)        003D
_RCEN                       (abs)        048B
_RE1                        (abs)        0049
_RE2                        (abs)        004A
_READINGS_INDEX             bssBANK0     0062
_RSEN                       (abs)        0489
_SEG_Init                   text7        0C00
_SEG_Write                  text6        0CAB
_SEG_Write1                 text5        0CBA
_SEN                        (abs)        0488
_SSPADD                     (abs)        0093
_SSPBUF                     (abs)        0013
_SSPCON                     (abs)        0014
_SSPCON2                    (abs)        0091
_SSPIF                      (abs)        0063
_SSPSTATbits                (abs)        0094
_T1CON                      (abs)        0010
_TIMER1_INIT                text4        0C5A
_TMR1                       (abs)        000E
_TMR1IE                     (abs)        0460
_TMR1IF                     (abs)        0060
_TRISA3                     (abs)        042B
_TRISA4                     (abs)        042C
_TRISA5                     (abs)        042D
_TRISB0                     (abs)        0430
_TRISB2                     (abs)        0432
_TRISB7                     (abs)        0437
_TRISC2                     (abs)        043A
_TRISC3                     (abs)        043B
_TRISC4                     (abs)        043C
_TRISC5                     (abs)        043D
_TRISD                      (abs)        0088
_TRISE1                     (abs)        0449
_TRISE2                     (abs)        044A
__Habs1                     abs1         0000
__Hbank0                    bank0        0000
__Hbank1                    bank1        0000
__Hbank2                    bank2        0000
__Hbank3                    bank3        0000
__HbssBANK0                 bssBANK0     0000
__HbssBANK1                 bssBANK1     0000
__Hcinit                    cinit        0035
__Hclrtext                  clrtext      0000
__Hcode                     code         0000
__Hcommon                   common       0000
__Hconfig                   config       2008
__HcstackBANK0              cstackBANK0  0000
__HcstackBANK1              cstackBANK1  0000
__HcstackCOMMON             cstackCOMMON 0000
__HdataBANK1                dataBANK1    0000
__Heeprom_data              eeprom_data  0000
__Hend_init                 end_init     0015
__Hfunctab                  functab      0000
__HidataBANK1               idataBANK1   0000
__Hinit                     init         0012
__Hinittext                 inittext     0000
__Hintentry                 intentry     0012
__Hmaintext                 maintext     0000
__Hpowerup                  powerup      0000
__Hram                      ram          0000
__Hreset_vec                reset_vec    0003
__Hsfr0                     sfr0         0000
__Hsfr1                     sfr1         0000
__Hsfr2                     sfr2         0000
__Hsfr3                     sfr3         0000
__Hspace_0                  (abs)        1000
__Hspace_1                  (abs)        00C3
__Hspace_2                  (abs)        0000
__Hspace_3                  (abs)        0000
__Hspace_4                  (abs)        400F
__Hstack                    stack        0000
__Hstrings                  strings      0000
__Htext                     text         0000
__Labs1                     abs1         0000
__Lbank0                    bank0        0000
__Lbank1                    bank1        0000
__Lbank2                    bank2        0000
__Lbank3                    bank3        0000
__LbssBANK0                 bssBANK0     0000
__LbssBANK1                 bssBANK1     0000
__Lcinit                    cinit        0015
__Lclrtext                  clrtext      0000
__Lcode                     code         0000
__Lcommon                   common       0000
__Lconfig                   config       0000
__LcstackBANK0              cstackBANK0  0000
__LcstackBANK1              cstackBANK1  0000
__LcstackCOMMON             cstackCOMMON 0000
__LdataBANK1                dataBANK1    0000
__Leeprom_data              eeprom_data  0000
__Lend_init                 end_init     0012
__Lfunctab                  functab      0000
__LidataBANK1               idataBANK1   0000
__Linit                     init         0012
__Linittext                 inittext     0000
__Lintentry                 intentry     0004
__Lmaintext                 maintext     0000
__Lpowerup                  powerup      0000
__Lram                      ram          0000
__Lreset_vec                reset_vec    0000
__Lsfr0                     sfr0         0000
__Lsfr1                     sfr1         0000
__Lsfr2                     sfr2         0000
__Lsfr3                     sfr3         0000
__Lspace_0                  (abs)        0000
__Lspace_1                  (abs)        0000
__Lspace_2                  (abs)        0000
__Lspace_3                  (abs)        0000
__Lspace_4                  (abs)        0000
__Lstack                    stack        0000
__Lstrings                  strings      0000
__Ltext                     text         0000
__S0                        (abs)        1000
__S1                        (abs)        00C3
__S2                        (abs)        0000
__S3                        (abs)        0000
__Umul8_16                  text38       0DB1
__Umul8_16@multiplicand     cstackCOMMON 0070
__Umul8_16@multiplier       cstackCOMMON 0078
__Umul8_16@product          cstackCOMMON 0074
__Umul8_16@word_mpld        cstackCOMMON 0076
___bmul                     text3        07E7
___bmul@multiplicand        cstackBANK1  00A7
___bmul@multiplier          cstackBANK1  00A9
___bmul@product             cstackBANK1  00A8
___flmul                    text37       0035
___flmul@a                  cstackBANK0  0024
___flmul@aexp               cstackBANK0  002D
___flmul@b                  cstackBANK0  0020
___flmul@bexp               cstackBANK0  002E
___flmul@grs                cstackBANK0  0029
___flmul@prod               cstackBANK0  002F
___flmul@sign               cstackBANK0  0028
___flmul@temp               cstackBANK0  0033
___fltol                    text36       0F84
___fltol@exp1               cstackBANK0  003E
___fltol@f1                 cstackBANK0  0035
___fltol@sign1              cstackBANK0  003D
___int_sp                   stack        0000
___latbits                  (abs)        0002
___lwdiv                    text2        0EE9
___lwdiv@counter            cstackBANK1  00A6
___lwdiv@dividend           cstackBANK1  00A2
___lwdiv@divisor            cstackBANK1  00A0
___lwdiv@quotient           cstackBANK1  00A4
___sp                       stack        0000
___stackhi                  (abs)        0000
___stacklo                  (abs)        0000
___wmul                     text1        0DD8
___wmul@multiplicand        cstackBANK1  00A9
___wmul@multiplier          cstackBANK1  00A7
___wmul@product             cstackBANK1  00AB
___xxtofl                   text35       06D4
___xxtofl@arg               cstackCOMMON 007A
___xxtofl@exp               cstackCOMMON 0079
___xxtofl@sign              cstackCOMMON 0078
___xxtofl@val               cstackCOMMON 0070
__end_of_ADC_Init           text24       0CAB
__end_of_ADC_Read           text34       07E7
__end_of_EEPROM_Read        text16       0E61
__end_of_EEPROM_Write       text15       0DB1
__end_of_I2C_INIT_MASTER    text14       0C5A
__end_of_I2C_Nack           text22       0C4E
__end_of_I2C_Read_Byte      text21       0C8E
__end_of_I2C_Res            text20       0C32
__end_of_I2C_Start          text19       0C3B
__end_of_I2C_Stop           text18       0C44
__end_of_I2C_Wait           text23       0C80
__end_of_I2C_Write          text17       0D00
__end_of_ISR                text25       06D4
__end_of_LCD_CMD            text12       0D6E
__end_of_LCD_Init           text11       0F84
__end_of_LCD_SEND           text13       0C0F
__end_of_LCD_SendCommand    text10       0D31
__end_of_LCD_Write_String   text8        0E28
__end_of_LCD_Write_uint8_t  text9        0D8D
__end_of_SEG_Init           text7        0C07
__end_of_SEG_Write          text6        0CBA
__end_of_SEG_Write1         text5        0CC9
__end_of_TIMER1_INIT        text4        0C66
__end_of__Umul8_16          text38       0DD8
__end_of___bmul             text3        07FE
__end_of___flmul            text37       0396
__end_of___fltol            text36       1000
__end_of___lwdiv            text2        0F2F
__end_of___wmul             text1        0DFF
__end_of___xxtofl           text35       078E
__end_of__initialization    cinit        0031
__end_of__stringtab         strings      0806
__end_of_calc_average       text32       0EE9
__end_of_main               maintext     05FC
__end_ofi1_EEPROM_Write     text27       0D4F
__end_ofi1_I2C_Start        text30       0C20
__end_ofi1_I2C_Stop         text29       0C29
__end_ofi1_I2C_Wait         text31       0C73
__end_ofi1_I2C_Write        text28       0CD9
__end_ofi1___bmul           text26       0D15
__end_ofi1___lwdiv          text33       0EA5
__initialization            cinit        0015
__pbssBANK0                 bssBANK0     004C
__pbssBANK1                 bssBANK1     00BF
__pcstackBANK0              cstackBANK0  0020
__pcstackBANK1              cstackBANK1  00A0
__pcstackCOMMON             cstackCOMMON 0070
__pdataBANK1                dataBANK1    00B1
__pidataBANK1               idataBANK1   0C8E
__pintentry                 intentry     0004
__pmaintext                 maintext     0396
__pstrings                  strings      0800
__ptext1                    text1        0DD8
__ptext10                   text10       0D15
__ptext11                   text11       0F2F
__ptext12                   text12       0D4F
__ptext13                   text13       0C07
__ptext14                   text14       0C4E
__ptext15                   text15       0D8D
__ptext16                   text16       0E28
__ptext17                   text17       0CEC
__ptext18                   text18       0C3B
__ptext19                   text19       0C32
__ptext2                    text2        0EE9
__ptext20                   text20       0C29
__ptext21                   text21       0C80
__ptext22                   text22       0C44
__ptext23                   text23       0C73
__ptext24                   text24       0C9C
__ptext25                   text25       05FC
__ptext26                   text26       0D00
__ptext27                   text27       0D31
__ptext28                   text28       0CC9
__ptext29                   text29       0C20
__ptext3                    text3        07E7
__ptext30                   text30       0C17
__ptext31                   text31       0C66
__ptext32                   text32       0EA5
__ptext33                   text33       0E61
__ptext34                   text34       078E
__ptext35                   text35       06D4
__ptext36                   text36       0F84
__ptext37                   text37       0035
__ptext38                   text38       0DB1
__ptext4                    text4        0C5A
__ptext5                    text5        0CBA
__ptext6                    text6        0CAB
__ptext7                    text7        0C00
__ptext8                    text8        0DFF
__ptext9                    text9        0D6E
__size_of_ADC_Init          (abs)        0000
__size_of_ADC_Read          (abs)        0000
__size_of_EEPROM_Read       (abs)        0000
__size_of_EEPROM_Write      (abs)        0000
__size_of_I2C_INIT_MASTER   (abs)        0000
__size_of_I2C_Nack          (abs)        0000
__size_of_I2C_Read_Byte     (abs)        0000
__size_of_I2C_Res           (abs)        0000
__size_of_I2C_Start         (abs)        0000
__size_of_I2C_Stop          (abs)        0000
__size_of_I2C_Wait          (abs)        0000
__size_of_I2C_Write         (abs)        0000
__size_of_ISR               (abs)        0000
__size_of_LCD_CMD           (abs)        0000
__size_of_LCD_Init          (abs)        0000
__size_of_LCD_SEND          (abs)        0000
__size_of_LCD_SendCommand   (abs)        0000
__size_of_LCD_Write_String  (abs)        0000
__size_of_LCD_Write_uint8_t (abs)        0000
__size_of_SEG_Init          (abs)        0000
__size_of_SEG_Write         (abs)        0000
__size_of_SEG_Write1        (abs)        0000
__size_of_TIMER1_INIT       (abs)        0000
__size_of__Umul8_16         (abs)        0000
__size_of___bmul            (abs)        0000
__size_of___flmul           (abs)        0000
__size_of___fltol           (abs)        0000
__size_of___lwdiv           (abs)        0000
__size_of___wmul            (abs)        0000
__size_of___xxtofl          (abs)        0000
__size_of_calc_average      (abs)        0000
__size_of_main              (abs)        0000
__size_ofi1_EEPROM_Write    (abs)        0000
__size_ofi1_I2C_Start       (abs)        0000
__size_ofi1_I2C_Stop        (abs)        0000
__size_ofi1_I2C_Wait        (abs)        0000
__size_ofi1_I2C_Write       (abs)        0000
__size_ofi1___bmul          (abs)        0000
__size_ofi1___lwdiv         (abs)        0000
__stringbase                strings      0805
__stringtab                 strings      0800
_average                    bssBANK1     00BF
_calc_average               text32       0EA5
_main                       maintext     0396
_numbers                    dataBANK1    00B1
btemp                       (abs)        007E
calc_average@i              cstackCOMMON 007A
clear_ram0                  clrtext      0C0F
end_of_initialization       cinit        0031
i1EEPROM_Write@address      cstackCOMMON 007B
i1EEPROM_Write@data         cstackCOMMON 007A
i1I2C_Write@Data            cstackCOMMON 0070
i1_EEPROM_Write             text27       0D31
i1_I2C_Start                text30       0C17
i1_I2C_Stop                 text29       0C20
i1_I2C_Wait                 text31       0C66
i1_I2C_Write                text28       0CC9
i1___bmul                   text26       0D00
i1___bmul@multiplicand      cstackCOMMON 0077
i1___bmul@multiplier        cstackCOMMON 0079
i1___bmul@product           cstackCOMMON 0078
i1___lwdiv                  text33       0E61
i1___lwdiv@counter          cstackCOMMON 0076
i1___lwdiv@dividend         cstackCOMMON 0072
i1___lwdiv@divisor          cstackCOMMON 0070
i1___lwdiv@quotient         cstackCOMMON 0074
init_fetch0                 inittext     0CD9
init_ram0                   inittext     0CDD
interrupt_function          intentry     0004
intlevel0                   functab      0000
intlevel1                   functab      0000
intlevel2                   functab      0000
intlevel3                   functab      0000
intlevel4                   functab      0000
intlevel5                   functab      0000
reset_vec                   reset_vec    0000
saved_w                     (abs)        007E
start                       init         0012
start_initialization        cinit        0015
wtemp0                      (abs)        007E


FUNCTION INFORMATION:

 *************** function _main *****************
 Defined at:
		line 37 in file "main.c"
 Parameters:    Size  Location     Type
		None
 Auto vars:     Size  Location     Type
		None
 Return value:  Size  Location     Type
                  1    wreg      void 
 Registers used:
		wreg, fsr0l, fsr0h, status,2, status,0, btemp+1, pclath, cstack
 Tracked objects:
		On entry : 
		On exit  : 
		Unchanged: 
 Data sizes:     COMMON   BANK0   BANK1   BANK3   BANK2
      Params:         0       0       0       0       0
      Locals:         0       0       0       0       0
      Temps:          0       0       2       0       0
      Totals:         0       0       2       0       0
Total ram usage:        2 bytes
 Hardware stack levels required when called:    7
 This function calls:
		_ADC_Init
		_EEPROM_Read
		_EEPROM_Write
		_I2C_INIT_MASTER
		_LCD_Init
		_LCD_SendCommand
		_LCD_Write_String
		_SEG_Init
		_SEG_Write
		_SEG_Write1
		_TIMER1_INIT
		___bmul
		___lwdiv
		___wmul
 This function is called by:
		Startup code after reset
 This function uses a non-reentrant model


 *************** function ___wmul *****************
 Defined at:
		line 15 in file "C:\Program Files\Microchip\xc8\v2.20\pic\sources\c90\common\Umul16.c"
 Parameters:    Size  Location     Type
  multiplier      2    7[BANK1 ] unsigned int 
  multiplicand    2    9[BANK1 ] unsigned int 
 Auto vars:     Size  Location     Type
  product         2   11[BANK1 ] unsigned int 
 Return value:  Size  Location     Type
                  2    7[BANK1 ] unsigned int 
 Registers used:
		wreg, status,2, status,0
 Tracked objects:
		On entry : 
		On exit  : 
		Unchanged: 
 Data sizes:     COMMON   BANK0   BANK1   BANK3   BANK2
      Params:         0       0       4       0       0
      Locals:         0       0       2       0       0
      Temps:          0       0       0       0       0
      Totals:         0       0       6       0       0
Total ram usage:        6 bytes
 Hardware stack levels used:    1
 Hardware stack levels required when called:    4
 This function calls:
		Nothing
 This function is called by:
		_main
		_LCD_WriteNum
 This function uses a non-reentrant model


 *************** function ___lwdiv *****************
 Defined at:
		line 5 in file "C:\Program Files\Microchip\xc8\v2.20\pic\sources\c90\common\lwdiv.c"
 Parameters:    Size  Location     Type
  divisor         2    0[BANK1 ] unsigned int 
  dividend        2    2[BANK1 ] unsigned int 
 Auto vars:     Size  Location     Type
  quotient        2    4[BANK1 ] unsigned int 
  counter         1    6[BANK1 ] unsigned char 
 Return value:  Size  Location     Type
                  2    0[BANK1 ] unsigned int 
 Registers used:
		wreg, status,2, status,0, btemp+1
 Tracked objects:
		On entry : 
		On exit  : 
		Unchanged: 
 Data sizes:     COMMON   BANK0   BANK1   BANK3   BANK2
      Params:         0       0       4       0       0
      Locals:         0       0       3       0       0
      Temps:          0       0       0       0       0
      Totals:         0       0       7       0       0
Total ram usage:        7 bytes
 Hardware stack levels used:    1
 Hardware stack levels required when called:    4
 This function calls:
		Nothing
 This function is called by:
		_main
		_LCD_WriteNum
 This function uses a non-reentrant model


 *************** function ___bmul *****************
 Defined at:
		line 4 in file "C:\Program Files\Microchip\xc8\v2.20\pic\sources\c90\common\Umul8.c"
 Parameters:    Size  Location     Type
  multiplier      1    wreg     unsigned char 
  multiplicand    1    7[BANK1 ] unsigned char 
 Auto vars:     Size  Location     Type
  multiplier      1    9[BANK1 ] unsigned char 
  product         1    8[BANK1 ] unsigned char 
 Return value:  Size  Location     Type
                  1    wreg      unsigned char 
 Registers used:
		wreg, status,2, status,0, btemp+1
 Tracked objects:
		On entry : 
		On exit  : 
		Unchanged: 
 Data sizes:     COMMON   BANK0   BANK1   BANK3   BANK2
      Params:         0       0       1       0       0
      Locals:         0       0       2       0       0
      Temps:          0       0       0       0       0
      Totals:         0       0       3       0       0
Total ram usage:        3 bytes
 Hardware stack levels used:    1
 Hardware stack levels required when called:    4
 This function calls:
		Nothing
 This function is called by:
		_main
 This function uses a non-reentrant model


 *************** function _TIMER1_INIT *****************
 Defined at:
		line 3 in file "TIMER.c"
 Parameters:    Size  Location     Type
		None
 Auto vars:     Size  Location     Type
		None
 Return value:  Size  Location     Type
                  1    wreg      void 
 Registers used:
		wreg, status,2
 Tracked objects:
		On entry : 
		On exit  : 
		Unchanged: 
 Data sizes:     COMMON   BANK0   BANK1   BANK3   BANK2
      Params:         0       0       0       0       0
      Locals:         0       0       0       0       0
      Temps:          0       0       0       0       0
      Totals:         0       0       0       0       0
Total ram usage:        0 bytes
 Hardware stack levels used:    1
 Hardware stack levels required when called:    4
 This function calls:
		Nothing
 This function is called by:
		_main
 This function uses a non-reentrant model


 *************** function _SEG_Write1 *****************
 Defined at:
		line 32 in file "SEV_SEG.c"
 Parameters:    Size  Location     Type
  number          2   13[BANK1 ] unsigned int 
 Auto vars:     Size  Location     Type
		None
 Return value:  Size  Location     Type
                  1    wreg      void 
 Registers used:
		wreg, fsr0l, fsr0h, status,2, status,0
 Tracked objects:
		On entry : 
		On exit  : 
		Unchanged: 
 Data sizes:     COMMON   BANK0   BANK1   BANK3   BANK2
      Params:         0       0       2       0       0
      Locals:         0       0       0       0       0
      Temps:          0       0       0       0       0
      Totals:         0       0       2       0       0
Total ram usage:        2 bytes
 Hardware stack levels used:    1
 Hardware stack levels required when called:    4
 This function calls:
		Nothing
 This function is called by:
		_main
 This function uses a non-reentrant model


 *************** function _SEG_Write *****************
 Defined at:
		line 18 in file "SEV_SEG.c"
 Parameters:    Size  Location     Type
  number          2    7[BANK1 ] unsigned int 
 Auto vars:     Size  Location     Type
		None
 Return value:  Size  Location     Type
                  1    wreg      void 
 Registers used:
		wreg, fsr0l, fsr0h, status,2, status,0
 Tracked objects:
		On entry : 
		On exit  : 
		Unchanged: 
 Data sizes:     COMMON   BANK0   BANK1   BANK3   BANK2
      Params:         0       0       2       0       0
      Locals:         0       0       0       0       0
      Temps:          0       0       0       0       0
      Totals:         0       0       2       0       0
Total ram usage:        2 bytes
 Hardware stack levels used:    1
 Hardware stack levels required when called:    4
 This function calls:
		Nothing
 This function is called by:
		_main
 This function uses a non-reentrant model


 *************** function _SEG_Init *****************
 Defined at:
		line 10 in file "SEV_SEG.c"
 Parameters:    Size  Location     Type
		None
 Auto vars:     Size  Location     Type
		None
 Return value:  Size  Location     Type
                  1    wreg      void 
 Registers used:
		status,2
 Tracked objects:
		On entry : 
		On exit  : 
		Unchanged: 
 Data sizes:     COMMON   BANK0   BANK1   BANK3   BANK2
      Params:         0       0       0       0       0
      Locals:         0       0       0       0       0
      Temps:          0       0       0       0       0
      Totals:         0       0       0       0       0
Total ram usage:        0 bytes
 Hardware stack levels used:    1
 Hardware stack levels required when called:    4
 This function calls:
		Nothing
 This function is called by:
		_main
 This function uses a non-reentrant model


 *************** function _LCD_Write_String *****************
 Defined at:
		line 141 in file "LCD_prog.c"
 Parameters:    Size  Location     Type
  str             1    wreg     PTR unsigned char 
		 -> STR_3(8), STR_2(8), STR_1(14), 
 Auto vars:     Size  Location     Type
  str             1    6[BANK1 ] PTR unsigned char 
		 -> STR_3(8), STR_2(8), STR_1(14), 
  i               2    4[BANK1 ] int 
 Return value:  Size  Location     Type
                  1    wreg      void 
 Registers used:
		wreg, fsr0l, fsr0h, status,2, status,0, pclath, cstack
 Tracked objects:
		On entry : 
		On exit  : 
		Unchanged: 
 Data sizes:     COMMON   BANK0   BANK1   BANK3   BANK2
      Params:         0       0       0       0       0
      Locals:         0       0       3       0       0
      Temps:          0       0       0       0       0
      Totals:         0       0       3       0       0
Total ram usage:        3 bytes
 Hardware stack levels used:    1
 Hardware stack levels required when called:    6
 This function calls:
		_LCD_Write_uint8_t
 This function is called by:
		_main
 This function uses a non-reentrant model


 *************** function _LCD_Write_uint8_t *****************
 Defined at:
		line 131 in file "LCD_prog.c"
 Parameters:    Size  Location     Type
  Data            1    wreg     unsigned char 
 Auto vars:     Size  Location     Type
  Data            1    3[BANK1 ] unsigned char 
 Return value:  Size  Location     Type
                  1    wreg      void 
 Registers used:
		wreg, status,2, status,0, pclath, cstack
 Tracked objects:
		On entry : 
		On exit  : 
		Unchanged: 
 Data sizes:     COMMON   BANK0   BANK1   BANK3   BANK2
      Params:         0       0       0       0       0
      Locals:         0       0       1       0       0
      Temps:          0       0       2       0       0
      Totals:         0       0       3       0       0
Total ram usage:        3 bytes
 Hardware stack levels used:    1
 Hardware stack levels required when called:    5
 This function calls:
		_LCD_SEND
 This function is called by:
		_LCD_Write_String
		_LCD_WriteNum
 This function uses a non-reentrant model


 *************** function _LCD_SendCommand *****************
 Defined at:
		line 50 in file "LCD_prog.c"
 Parameters:    Size  Location     Type
  Inst            1    wreg     unsigned char 
 Auto vars:     Size  Location     Type
  Inst            1    2[BANK1 ] unsigned char 
 Return value:  Size  Location     Type
                  1    wreg      void 
 Registers used:
		wreg
 Tracked objects:
		On entry : 
		On exit  : 
		Unchanged: 
 Data sizes:     COMMON   BANK0   BANK1   BANK3   BANK2
      Params:         0       0       0       0       0
      Locals:         0       0       1       0       0
      Temps:          0       0       2       0       0
      Totals:         0       0       3       0       0
Total ram usage:        3 bytes
 Hardware stack levels used:    1
 Hardware stack levels required when called:    4
 This function calls:
		Nothing
 This function is called by:
		_main
		_LCD_Init_8BIT
		_LCD_GoToXY
 This function uses a non-reentrant model


 *************** function _LCD_Init *****************
 Defined at:
		line 107 in file "LCD_prog.c"
 Parameters:    Size  Location     Type
		None
 Auto vars:     Size  Location     Type
		None
 Return value:  Size  Location     Type
                  1    wreg      void 
 Registers used:
		wreg, status,2, status,0, pclath, cstack
 Tracked objects:
		On entry : 
		On exit  : 
		Unchanged: 
 Data sizes:     COMMON   BANK0   BANK1   BANK3   BANK2
      Params:         0       0       0       0       0
      Locals:         0       0       0       0       0
      Temps:          0       0       2       0       0
      Totals:         0       0       2       0       0
Total ram usage:        2 bytes
 Hardware stack levels used:    1
 Hardware stack levels required when called:    6
 This function calls:
		_LCD_CMD
 This function is called by:
		_main
 This function uses a non-reentrant model


 *************** function _LCD_CMD *****************
 Defined at:
		line 94 in file "LCD_prog.c"
 Parameters:    Size  Location     Type
  CMD             1    wreg     unsigned char 
 Auto vars:     Size  Location     Type
  CMD             1    3[BANK1 ] unsigned char 
 Return value:  Size  Location     Type
                  1    wreg      void 
 Registers used:
		wreg, status,2, status,0, pclath, cstack
 Tracked objects:
		On entry : 
		On exit  : 
		Unchanged: 
 Data sizes:     COMMON   BANK0   BANK1   BANK3   BANK2
      Params:         0       0       0       0       0
      Locals:         0       0       1       0       0
      Temps:          0       0       2       0       0
      Totals:         0       0       3       0       0
Total ram usage:        3 bytes
 Hardware stack levels used:    1
 Hardware stack levels required when called:    5
 This function calls:
		_LCD_SEND
 This function is called by:
		_LCD_Init
 This function uses a non-reentrant model


 *************** function _LCD_SEND *****************
 Defined at:
		line 89 in file "LCD_prog.c"
 Parameters:    Size  Location     Type
  data            1    wreg     unsigned char 
 Auto vars:     Size  Location     Type
  data            1    0[BANK1 ] unsigned char 
 Return value:  Size  Location     Type
                  1    wreg      void 
 Registers used:
		wreg
 Tracked objects:
		On entry : 
		On exit  : 
		Unchanged: 
 Data sizes:     COMMON   BANK0   BANK1   BANK3   BANK2
      Params:         0       0       0       0       0
      Locals:         0       0       1       0       0
      Temps:          0       0       0       0       0
      Totals:         0       0       1       0       0
Total ram usage:        1 bytes
 Hardware stack levels used:    1
 Hardware stack levels required when called:    4
 This function calls:
		Nothing
 This function is called by:
		_LCD_CMD
		_LCD_Write_uint8_t
 This function uses a non-reentrant model


 *************** function _I2C_INIT_MASTER *****************
 Defined at:
		line 15 in file "I2C.c"
 Parameters:    Size  Location     Type
		None
 Auto vars:     Size  Location     Type
		None
 Return value:  Size  Location     Type
                  1    wreg      void 
 Registers used:
		wreg, status,2
 Tracked objects:
		On entry : 
		On exit  : 
		Unchanged: 
 Data sizes:     COMMON   BANK0   BANK1   BANK3   BANK2
      Params:         0       0       0       0       0
      Locals:         0       0       0       0       0
      Temps:          0       0       0       0       0
      Totals:         0       0       0       0       0
Total ram usage:        0 bytes
 Hardware stack levels used:    1
 Hardware stack levels required when called:    4
 This function calls:
		Nothing
 This function is called by:
		_main
 This function uses a non-reentrant model


 *************** function _EEPROM_Write *****************
 Defined at:
		line 19 in file "EEPROM.c"
 Parameters:    Size  Location     Type
  address         1    wreg     unsigned char 
  data            1   10[BANK1 ] unsigned char 
 Auto vars:     Size  Location     Type
  address         1   11[BANK1 ] unsigned char 
 Return value:  Size  Location     Type
                  1    wreg      void 
 Registers used:
		wreg, status,2, status,0, pclath, cstack
 Tracked objects:
		On entry : 
		On exit  : 
		Unchanged: 
 Data sizes:     COMMON   BANK0   BANK1   BANK3   BANK2
      Params:         0       0       1       0       0
      Locals:         0       0       1       0       0
      Temps:          0       0       0       0       0
      Totals:         0       0       2       0       0
Total ram usage:        2 bytes
 Hardware stack levels used:    1
 Hardware stack levels required when called:    6
 This function calls:
		_I2C_Start
		_I2C_Stop
		_I2C_Write
 This function is called by:
		_main
 This function uses a non-reentrant model


 *************** function _EEPROM_Read *****************
 Defined at:
		line 5 in file "EEPROM.c"
 Parameters:    Size  Location     Type
  address         1    wreg     unsigned char 
 Auto vars:     Size  Location     Type
  address         1    1[BANK1 ] unsigned char 
  data            1    2[BANK1 ] unsigned char 
 Return value:  Size  Location     Type
                  1    wreg      unsigned char 
 Registers used:
		wreg, status,2, status,0, btemp+1, pclath, cstack
 Tracked objects:
		On entry : 
		On exit  : 
		Unchanged: 
 Data sizes:     COMMON   BANK0   BANK1   BANK3   BANK2
      Params:         0       0       0       0       0
      Locals:         0       0       2       0       0
      Temps:          0       0       0       0       0
      Totals:         0       0       2       0       0
Total ram usage:        2 bytes
 Hardware stack levels used:    1
 Hardware stack levels required when called:    6
 This function calls:
		_I2C_Nack
		_I2C_Read_Byte
		_I2C_Res
		_I2C_Start
		_I2C_Stop
		_I2C_Write
 This function is called by:
		_main
 This function uses a non-reentrant model


 *************** function _I2C_Write *****************
 Defined at:
		line 64 in file "I2C.c"
 Parameters:    Size  Location     Type
  Data            1    wreg     unsigned char 
 Auto vars:     Size  Location     Type
  Data            1    0[BANK1 ] unsigned char 
 Return value:  Size  Location     Type
                  1    wreg      unsigned char 
 Registers used:
		wreg, status,2, status,0, pclath, cstack
 Tracked objects:
		On entry : 
		On exit  : 
		Unchanged: 
 Data sizes:     COMMON   BANK0   BANK1   BANK3   BANK2
      Params:         0       0       0       0       0
      Locals:         0       0       1       0       0
      Temps:          0       0       0       0       0
      Totals:         0       0       1       0       0
Total ram usage:        1 bytes
 Hardware stack levels used:    1
 Hardware stack levels required when called:    5
 This function calls:
		_I2C_Wait
 This function is called by:
		_EEPROM_Read
		_EEPROM_Write
 This function uses a non-reentrant model


 *************** function _I2C_Stop *****************
 Defined at:
		line 32 in file "I2C.c"
 Parameters:    Size  Location     Type
		None
 Auto vars:     Size  Location     Type
		None
 Return value:  Size  Location     Type
                  1    wreg      void 
 Registers used:
		wreg, status,2, status,0, pclath, cstack
 Tracked objects:
		On entry : 
		On exit  : 
		Unchanged: 
 Data sizes:     COMMON   BANK0   BANK1   BANK3   BANK2
      Params:         0       0       0       0       0
      Locals:         0       0       0       0       0
      Temps:          0       0       0       0       0
      Totals:         0       0       0       0       0
Total ram usage:        0 bytes
 Hardware stack levels used:    1
 Hardware stack levels required when called:    5
 This function calls:
		_I2C_Wait
 This function is called by:
		_EEPROM_Read
		_EEPROM_Write
 This function uses a non-reentrant model


 *************** function _I2C_Start *****************
 Defined at:
		line 24 in file "I2C.c"
 Parameters:    Size  Location     Type
		None
 Auto vars:     Size  Location     Type
		None
 Return value:  Size  Location     Type
                  1    wreg      void 
 Registers used:
		wreg, status,2, status,0, pclath, cstack
 Tracked objects:
		On entry : 
		On exit  : 
		Unchanged: 
 Data sizes:     COMMON   BANK0   BANK1   BANK3   BANK2
      Params:         0       0       0       0       0
      Locals:         0       0       0       0       0
      Temps:          0       0       0       0       0
      Totals:         0       0       0       0       0
Total ram usage:        0 bytes
 Hardware stack levels used:    1
 Hardware stack levels required when called:    5
 This function calls:
		_I2C_Wait
 This function is called by:
		_EEPROM_Read
		_EEPROM_Write
 This function uses a non-reentrant model


 *************** function _I2C_Res *****************
 Defined at:
		line 39 in file "I2C.c"
 Parameters:    Size  Location     Type
		None
 Auto vars:     Size  Location     Type
		None
 Return value:  Size  Location     Type
                  1    wreg      void 
 Registers used:
		wreg, status,2, status,0, pclath, cstack
 Tracked objects:
		On entry : 
		On exit  : 
		Unchanged: 
 Data sizes:     COMMON   BANK0   BANK1   BANK3   BANK2
      Params:         0       0       0       0       0
      Locals:         0       0       0       0       0
      Temps:          0       0       0       0       0
      Totals:         0       0       0       0       0
Total ram usage:        0 bytes
 Hardware stack levels used:    1
 Hardware stack levels required when called:    5
 This function calls:
		_I2C_Wait
 This function is called by:
		_EEPROM_Read
 This function uses a non-reentrant model


 *************** function _I2C_Read_Byte *****************
 Defined at:
		line 74 in file "I2C.c"
 Parameters:    Size  Location     Type
		None
 Auto vars:     Size  Location     Type
		None
 Return value:  Size  Location     Type
                  1    wreg      unsigned char 
 Registers used:
		wreg
 Tracked objects:
		On entry : 
		On exit  : 
		Unchanged: 
 Data sizes:     COMMON   BANK0   BANK1   BANK3   BANK2
      Params:         0       0       0       0       0
      Locals:         0       0       0       0       0
      Temps:          0       0       0       0       0
      Totals:         0       0       0       0       0
Total ram usage:        0 bytes
 Hardware stack levels used:    1
 Hardware stack levels required when called:    4
 This function calls:
		Nothing
 This function is called by:
		_EEPROM_Read
 This function uses a non-reentrant model


 *************** function _I2C_Nack *****************
 Defined at:
		line 56 in file "I2C.c"
 Parameters:    Size  Location     Type
		None
 Auto vars:     Size  Location     Type
		None
 Return value:  Size  Location     Type
                  1    wreg      void 
 Registers used:
		wreg, status,2, status,0, pclath, cstack
 Tracked objects:
		On entry : 
		On exit  : 
		Unchanged: 
 Data sizes:     COMMON   BANK0   BANK1   BANK3   BANK2
      Params:         0       0       0       0       0
      Locals:         0       0       0       0       0
      Temps:          0       0       0       0       0
      Totals:         0       0       0       0       0
Total ram usage:        0 bytes
 Hardware stack levels used:    1
 Hardware stack levels required when called:    5
 This function calls:
		_I2C_Wait
 This function is called by:
		_EEPROM_Read
 This function uses a non-reentrant model


 *************** function _I2C_Wait *****************
 Defined at:
		line 10 in file "I2C.c"
 Parameters:    Size  Location     Type
		None
 Auto vars:     Size  Location     Type
		None
 Return value:  Size  Location     Type
                  1    wreg      void 
 Registers used:
		wreg, status,2
 Tracked objects:
		On entry : 
		On exit  : 
		Unchanged: 
 Data sizes:     COMMON   BANK0   BANK1   BANK3   BANK2
      Params:         0       0       0       0       0
      Locals:         0       0       0       0       0
      Temps:          0       0       0       0       0
      Totals:         0       0       0       0       0
Total ram usage:        0 bytes
 Hardware stack levels used:    1
 Hardware stack levels required when called:    4
 This function calls:
		Nothing
 This function is called by:
		_I2C_Start
		_I2C_Stop
		_I2C_Res
		_I2C_Nack
		_I2C_Write
		_I2C_Ack
 This function uses a non-reentrant model


 *************** function _ADC_Init *****************
 Defined at:
		line 8 in file "ADC.c"
 Parameters:    Size  Location     Type
		None
 Auto vars:     Size  Location     Type
		None
 Return value:  Size  Location     Type
                  1    wreg      void 
 Registers used:
		wreg
 Tracked objects:
		On entry : 
		On exit  : 
		Unchanged: 
 Data sizes:     COMMON   BANK0   BANK1   BANK3   BANK2
      Params:         0       0       0       0       0
      Locals:         0       0       0       0       0
      Temps:          0       0       1       0       0
      Totals:         0       0       1       0       0
Total ram usage:        1 bytes
 Hardware stack levels used:    1
 Hardware stack levels required when called:    4
 This function calls:
		Nothing
 This function is called by:
		_main
 This function uses a non-reentrant model


 *************** function _ISR *****************
 Defined at:
		line 118 in file "main.c"
 Parameters:    Size  Location     Type
		None
 Auto vars:     Size  Location     Type
		None
 Return value:  Size  Location     Type
                  1    wreg      void 
 Registers used:
		wreg, fsr0l, fsr0h, status,2, status,0, btemp+1, pclath, cstack
 Tracked objects:
		On entry : 
		On exit  : 
		Unchanged: 
 Data sizes:     COMMON   BANK0   BANK1   BANK3   BANK2
      Params:         0       0       0       0       0
      Locals:         0       0       0       0       0
      Temps:          0       5       0       0       0
      Totals:         0       5       0       0       0
Total ram usage:        5 bytes
 Hardware stack levels used:    1
 Hardware stack levels required when called:    3
 This function calls:
		_ADC_Read
		_calc_average
		i1_EEPROM_Write
		i1___bmul
		i1___lwdiv
 This function is called by:
		Interrupt level 1
 This function uses a non-reentrant model


 *************** function i1___bmul *****************
 Defined at:
		line 4 in file "C:\Program Files\Microchip\xc8\v2.20\pic\sources\c90\common\Umul8.c"
 Parameters:    Size  Location     Type
  multiplier      1    wreg     unsigned char 
  multiplicand    1    7[COMMON] unsigned char 
 Auto vars:     Size  Location     Type
  multiplier      1    9[COMMON] unsigned char 
  product         1    8[COMMON] unsigned char 
 Return value:  Size  Location     Type
                  1    wreg      unsigned char 
 Registers used:
		wreg, status,2, status,0, btemp+1
 Tracked objects:
		On entry : 
		On exit  : 
		Unchanged: 
 Data sizes:     COMMON   BANK0   BANK1   BANK3   BANK2
      Params:         1       0       0       0       0
      Locals:         2       0       0       0       0
      Temps:          0       0       0       0       0
      Totals:         3       0       0       0       0
Total ram usage:        3 bytes
 Hardware stack levels used:    1
 This function calls:
		Nothing
 This function is called by:
		_ISR
 This function uses a non-reentrant model


 *************** function i1_EEPROM_Write *****************
 Defined at:
		line 19 in file "EEPROM.c"
 Parameters:    Size  Location     Type
  address         1    wreg     unsigned char 
  data            1   10[COMMON] unsigned char 
 Auto vars:     Size  Location     Type
  address         1   11[COMMON] unsigned char 
 Return value:  Size  Location     Type
                  1    wreg      void 
 Registers used:
		wreg, status,2, status,0, pclath, cstack
 Tracked objects:
		On entry : 
		On exit  : 
		Unchanged: 
 Data sizes:     COMMON   BANK0   BANK1   BANK3   BANK2
      Params:         1       0       0       0       0
      Locals:         1       0       0       0       0
      Temps:          0       0       0       0       0
      Totals:         2       0       0       0       0
Total ram usage:        2 bytes
 Hardware stack levels used:    1
 Hardware stack levels required when called:    2
 This function calls:
		i1_I2C_Start
		i1_I2C_Stop
		i1_I2C_Write
 This function is called by:
		_ISR
 This function uses a non-reentrant model


 *************** function i1_I2C_Write *****************
 Defined at:
		line 64 in file "I2C.c"
 Parameters:    Size  Location     Type
  Data            1    wreg     unsigned char 
 Auto vars:     Size  Location     Type
  Data            1    0[COMMON] unsigned char 
 Return value:  Size  Location     Type
                  1    wreg      unsigned char 
 Registers used:
		wreg, status,2, status,0, pclath, cstack
 Tracked objects:
		On entry : 
		On exit  : 
		Unchanged: 
 Data sizes:     COMMON   BANK0   BANK1   BANK3   BANK2
      Params:         0       0       0       0       0
      Locals:         1       0       0       0       0
      Temps:          0       0       0       0       0
      Totals:         1       0       0       0       0
Total ram usage:        1 bytes
 Hardware stack levels used:    1
 Hardware stack levels required when called:    1
 This function calls:
		i1_I2C_Wait
 This function is called by:
		i1_EEPROM_Write
 This function uses a non-reentrant model


 *************** function i1_I2C_Stop *****************
 Defined at:
		line 32 in file "I2C.c"
 Parameters:    Size  Location     Type
		None
 Auto vars:     Size  Location     Type
		None
 Return value:  Size  Location     Type
                  1    wreg      void 
 Registers used:
		wreg, status,2, status,0, pclath, cstack
 Tracked objects:
		On entry : 
		On exit  : 
		Unchanged: 
 Data sizes:     COMMON   BANK0   BANK1   BANK3   BANK2
      Params:         0       0       0       0       0
      Locals:         0       0       0       0       0
      Temps:          0       0       0       0       0
      Totals:         0       0       0       0       0
Total ram usage:        0 bytes
 Hardware stack levels used:    1
 Hardware stack levels required when called:    1
 This function calls:
		i1_I2C_Wait
 This function is called by:
		i1_EEPROM_Write
 This function uses a non-reentrant model


 *************** function i1_I2C_Start *****************
 Defined at:
		line 24 in file "I2C.c"
 Parameters:    Size  Location     Type
		None
 Auto vars:     Size  Location     Type
		None
 Return value:  Size  Location     Type
                  1    wreg      void 
 Registers used:
		wreg, status,2, status,0, pclath, cstack
 Tracked objects:
		On entry : 
		On exit  : 
		Unchanged: 
 Data sizes:     COMMON   BANK0   BANK1   BANK3   BANK2
      Params:         0       0       0       0       0
      Locals:         0       0       0       0       0
      Temps:          0       0       0       0       0
      Totals:         0       0       0       0       0
Total ram usage:        0 bytes
 Hardware stack levels used:    1
 Hardware stack levels required when called:    1
 This function calls:
		i1_I2C_Wait
 This function is called by:
		i1_EEPROM_Write
 This function uses a non-reentrant model


 *************** function i1_I2C_Wait *****************
 Defined at:
		line 10 in file "I2C.c"
 Parameters:    Size  Location     Type
		None
 Auto vars:     Size  Location     Type
		None
 Return value:  Size  Location     Type
                  1    wreg      void 
 Registers used:
		wreg, status,2
 Tracked objects:
		On entry : 
		On exit  : 
		Unchanged: 
 Data sizes:     COMMON   BANK0   BANK1   BANK3   BANK2
      Params:         0       0       0       0       0
      Locals:         0       0       0       0       0
      Temps:          0       0       0       0       0
      Totals:         0       0       0       0       0
Total ram usage:        0 bytes
 Hardware stack levels used:    1
 This function calls:
		Nothing
 This function is called by:
		i1_I2C_Start
		i1_I2C_Stop
		i1_I2C_Write
 This function uses a non-reentrant model


 *************** function _calc_average *****************
 Defined at:
		line 160 in file "main.c"
 Parameters:    Size  Location     Type
		None
 Auto vars:     Size  Location     Type
  i               2   10[COMMON] int 
 Return value:  Size  Location     Type
                  1    wreg      void 
 Registers used:
		wreg, fsr0l, fsr0h, status,2, status,0, btemp+1, pclath, cstack
 Tracked objects:
		On entry : 
		On exit  : 
		Unchanged: 
 Data sizes:     COMMON   BANK0   BANK1   BANK3   BANK2
      Params:         0       0       0       0       0
      Locals:         2       0       0       0       0
      Temps:          3       0       0       0       0
      Totals:         5       0       0       0       0
Total ram usage:        5 bytes
 Hardware stack levels used:    1
 Hardware stack levels required when called:    1
 This function calls:
		i1___lwdiv
 This function is called by:
		_ISR
 This function uses a non-reentrant model


 *************** function i1___lwdiv *****************
 Defined at:
		line 5 in file "C:\Program Files\Microchip\xc8\v2.20\pic\sources\c90\common\lwdiv.c"
 Parameters:    Size  Location     Type
  divisor         2    0[COMMON] unsigned int 
  dividend        2    2[COMMON] unsigned int 
 Auto vars:     Size  Location     Type
  quotient        2    4[COMMON] unsigned int 
  counter         1    6[COMMON] unsigned char 
 Return value:  Size  Location     Type
                  2    0[COMMON] unsigned int 
 Registers used:
		wreg, status,2, status,0, btemp+1
 Tracked objects:
		On entry : 
		On exit  : 
		Unchanged: 
 Data sizes:     COMMON   BANK0   BANK1   BANK3   BANK2
      Params:         4       0       0       0       0
      Locals:         3       0       0       0       0
      Temps:          0       0       0       0       0
      Totals:         7       0       0       0       0
Total ram usage:        7 bytes
 Hardware stack levels used:    1
 This function calls:
		Nothing
 This function is called by:
		_ISR
		_calc_average
 This function uses a non-reentrant model


 *************** function _ADC_Read *****************
 Defined at:
		line 13 in file "ADC.c"
 Parameters:    Size  Location     Type
		None
 Auto vars:     Size  Location     Type
  reading         4   35[BANK0 ] float 
 Return value:  Size  Location     Type
                  2   31[BANK0 ] unsigned int 
 Registers used:
		wreg, status,2, status,0, btemp+1, pclath, cstack
 Tracked objects:
		On entry : 
		On exit  : 
		Unchanged: 
 Data sizes:     COMMON   BANK0   BANK1   BANK3   BANK2
      Params:         0       2       0       0       0
      Locals:         0       4       0       0       0
      Temps:          0       2       0       0       0
      Totals:         0       8       0       0       0
Total ram usage:        8 bytes
 Hardware stack levels used:    1
 Hardware stack levels required when called:    2
 This function calls:
		___flmul
		___fltol
		___xxtofl
 This function is called by:
		_ISR
 This function uses a non-reentrant model


 *************** function ___xxtofl *****************
 Defined at:
		line 10 in file "C:\Program Files\Microchip\xc8\v2.20\pic\sources\c90\common\xxtofl.c"
 Parameters:    Size  Location     Type
  sign            1    wreg     unsigned char 
  val             4    0[COMMON] long 
 Auto vars:     Size  Location     Type
  sign            1    8[COMMON] unsigned char 
  arg             4   10[COMMON] unsigned long 
  exp             1    9[COMMON] unsigned char 
 Return value:  Size  Location     Type
                  4    0[COMMON] unsigned char 
 Registers used:
		wreg, status,2, status,0, btemp+1
 Tracked objects:
		On entry : 
		On exit  : 
		Unchanged: 
 Data sizes:     COMMON   BANK0   BANK1   BANK3   BANK2
      Params:         4       0       0       0       0
      Locals:         6       0       0       0       0
      Temps:          4       0       0       0       0
      Totals:        14       0       0       0       0
Total ram usage:       14 bytes
 Hardware stack levels used:    1
 This function calls:
		Nothing
 This function is called by:
		_ADC_Read
 This function uses a non-reentrant model


 *************** function ___fltol *****************
 Defined at:
		line 43 in file "C:\Program Files\Microchip\xc8\v2.20\pic\sources\c90\common\fltol.c"
 Parameters:    Size  Location     Type
  f1              4   21[BANK0 ] unsigned char 
 Auto vars:     Size  Location     Type
  exp1            1   30[BANK0 ] unsigned char 
  sign1           1   29[BANK0 ] unsigned char 
 Return value:  Size  Location     Type
                  4   21[BANK0 ] long 
 Registers used:
		wreg, status,2, status,0, btemp+1
 Tracked objects:
		On entry : 
		On exit  : 
		Unchanged: 
 Data sizes:     COMMON   BANK0   BANK1   BANK3   BANK2
      Params:         0       4       0       0       0
      Locals:         0       2       0       0       0
      Temps:          0       4       0       0       0
      Totals:         0      10       0       0       0
Total ram usage:       10 bytes
 Hardware stack levels used:    1
 This function calls:
		Nothing
 This function is called by:
		_ADC_Read
 This function uses a non-reentrant model


 *************** function ___flmul *****************
 Defined at:
		line 8 in file "C:\Program Files\Microchip\xc8\v2.20\pic\sources\c90\common\sprcmul.c"
 Parameters:    Size  Location     Type
  b               4    0[BANK0 ] long 
  a               4    4[BANK0 ] long 
 Auto vars:     Size  Location     Type
  prod            4   15[BANK0 ] struct .
  grs             4    9[BANK0 ] unsigned long 
  temp            2   19[BANK0 ] struct .
  bexp            1   14[BANK0 ] unsigned char 
  aexp            1   13[BANK0 ] unsigned char 
  sign            1    8[BANK0 ] unsigned char 
 Return value:  Size  Location     Type
                  4    0[BANK0 ] unsigned char 
 Registers used:
		wreg, status,2, status,0, btemp+1, pclath, cstack
 Tracked objects:
		On entry : 
		On exit  : 
		Unchanged: 
 Data sizes:     COMMON   BANK0   BANK1   BANK3   BANK2
      Params:         0       8       0       0       0
      Locals:         0      13       0       0       0
      Temps:          5       0       0       0       0
      Totals:         5      21       0       0       0
Total ram usage:       26 bytes
 Hardware stack levels used:    1
 Hardware stack levels required when called:    1
 This function calls:
		__Umul8_16
 This function is called by:
		_ADC_Read
 This function uses a non-reentrant model


 *************** function __Umul8_16 *****************
 Defined at:
		line 4 in file "C:\Program Files\Microchip\xc8\v2.20\pic\sources\c90\common\Umul8_16.c"
 Parameters:    Size  Location     Type
  multiplier      1    wreg     unsigned char 
  multiplicand    1    0[COMMON] unsigned char 
 Auto vars:     Size  Location     Type
  multiplier      1    8[COMMON] unsigned char 
  word_mpld       2    6[COMMON] unsigned int 
  product         2    4[COMMON] unsigned int 
 Return value:  Size  Location     Type
                  2    0[COMMON] unsigned int 
 Registers used:
		wreg, status,2, status,0
 Tracked objects:
		On entry : 
		On exit  : 
		Unchanged: 
 Data sizes:     COMMON   BANK0   BANK1   BANK3   BANK2
      Params:         2       0       0       0       0
      Locals:         5       0       0       0       0
      Temps:          2       0       0       0       0
      Totals:         9       0       0       0       0
Total ram usage:        9 bytes
 Hardware stack levels used:    1
 This function calls:
		Nothing
 This function is called by:
		___flmul
 This function uses a non-reentrant model



MODULE INFORMATION

Module		Function		Class		Link	Load	Size
LCD_prog.c
		_LCD_Write_uint8_t		CODE           	0D6E	0000	32
		_LCD_Init      		CODE           	0F2F	0000	86
		_LCD_SEND      		CODE           	0C07	0000	9
		_LCD_CMD       		CODE           	0D4F	0000	32
		_LCD_SendCommand		CODE           	0D15	0000	29
		_LCD_Write_String		CODE           	0DFF	0000	42

LCD_prog.c estimated size: 230

TIMER.c
		_TIMER1_INIT   		CODE           	0C5A	0000	13

TIMER.c estimated size: 13

C:\Program Files\Microchip\xc8\v2.20\pic\sources\c90\common\Umul8_16.c
		__Umul8_16     		CODE           	0DB1	0000	40

C:\Program Files\Microchip\xc8\v2.20\pic\sources\c90\common\Umul8_16.c estimated size: 40

I2C.c
		_I2C_INIT_MASTER		CODE           	0C4E	0000	13
		_I2C_Write     		CODE           	0CEC	0000	21
		_I2C_Stop      		CODE           	0C3B	0000	10
		_I2C_Wait      		CODE           	0C73	0000	14
		_I2C_Read_Byte 		CODE           	0C80	0000	15
		_I2C_Nack      		CODE           	0C44	0000	11
		_I2C_Start     		CODE           	0C32	0000	10
		_I2C_Res       		CODE           	0C29	0000	10

I2C.c estimated size: 104

C:\Program Files\Microchip\xc8\v2.20\pic\sources\c90\common\xxtofl.c
		___xxtofl      		CODE           	06D4	0000	187

C:\Program Files\Microchip\xc8\v2.20\pic\sources\c90\common\xxtofl.c estimated size: 187

SEV_SEG.c
		_SEG_Write     		CODE           	0CAB	0000	16
		_SEG_Write1    		CODE           	0CBA	0000	16
		_SEG_Init      		CODE           	0C00	0000	8

SEV_SEG.c estimated size: 40

EEPROM.c
		_EEPROM_Read   		CODE           	0E28	0000	58
		_EEPROM_Write  		CODE           	0D8D	0000	37

EEPROM.c estimated size: 95

shared
		__stringtab    		STRING         	0800	0000	7
		i1_EEPROM_Write		CODE           	0D31	0000	31
		i1_I2C_Wait    		CODE           	0C66	0000	14
		i1_I2C_Write   		CODE           	0CC9	0000	17
		i1___lwdiv     		CODE           	0E61	0000	69
		i1_I2C_Stop    		CODE           	0C20	0000	10
		i1_I2C_Start   		CODE           	0C17	0000	10
		__initialization		CODE           	0015	0000	29
		i1___bmul      		CODE           	0D00	0000	22

shared estimated size: 209

ADC.c
		_ADC_Read      		CODE           	078E	0000	90
		_ADC_Init      		CODE           	0C9C	0000	16

ADC.c estimated size: 106

C:\Program Files\Microchip\xc8\v2.20\pic\sources\c90\common\Umul16.c
		___wmul        		CODE           	0DD8	0000	40

C:\Program Files\Microchip\xc8\v2.20\pic\sources\c90\common\Umul16.c estimated size: 40

C:\Program Files\Microchip\xc8\v2.20\pic\sources\c90\common\lwdiv.c
		___lwdiv       		CODE           	0EE9	0000	71

C:\Program Files\Microchip\xc8\v2.20\pic\sources\c90\common\lwdiv.c estimated size: 71

C:\Program Files\Microchip\xc8\v2.20\pic\sources\c90\common\fltol.c
		___fltol       		CODE           	0F84	0000	125

C:\Program Files\Microchip\xc8\v2.20\pic\sources\c90\common\fltol.c estimated size: 125

C:\Program Files\Microchip\xc8\v2.20\pic\sources\c90\common\Umul8.c
		___bmul        		CODE           	07E7	0000	24

C:\Program Files\Microchip\xc8\v2.20\pic\sources\c90\common\Umul8.c estimated size: 24

C:\Program Files\Microchip\xc8\v2.20\pic\sources\c90\common\sprcmul.c
		___flmul       		CODE           	0035	0000	866

C:\Program Files\Microchip\xc8\v2.20\pic\sources\c90\common\sprcmul.c estimated size: 866

main.c
		_ISR           		CODE           	05FC	0000	217
		_main          		CODE           	0396	0000	615
		_calc_average  		CODE           	0EA5	0000	69

main.c estimated size: 901

